[debug] [2026-06-21T02:22:47.838Z] ----------------------------------------------------------------------
[debug] [2026-06-21T02:22:47.839Z] Command:       C:\Program Files\nodejs\node.exe C:\Users\Tech-Store\AppData\Roaming\npm\node_modules\firebase-tools\lib\bin\firebase.js init
[debug] [2026-06-21T02:22:47.840Z] CLI Version:   15.22.0
[debug] [2026-06-21T02:22:47.840Z] Platform:      win32
[debug] [2026-06-21T02:22:47.840Z] Node Version:  v24.13.0
[debug] [2026-06-21T02:22:47.840Z] Detected Agent: unknown
[debug] [2026-06-21T02:22:47.840Z] Time:          Sun Jun 21 2026 03:22:47 GMT+0100 (UTC+01:00)
[debug] [2026-06-21T02:22:47.840Z] ----------------------------------------------------------------------
[debug] 
[info] 
     ######## #### ########  ######## ########     ###     ######  ########
     ##        ##  ##     ## ##       ##     ##  ##   ##  ##       ##
     ######    ##  ########  ######   ########  #########  ######  ######
     ##        ##  ##    ##  ##       ##     ## ##     ##       ## ##
     ##       #### ##     ## ######## ########  ##     ##  ######  ########

You're about to initialize a Firebase project in this directory:

  C:\Users\Tech-Store\Desktop\mon worek-spese\pc-store

[debug] [2026-06-21T02:30:01.910Z] ExitPromptError: User force closed the prompt with SIGINT
    at Interface.sigint (C:\Users\Tech-Store\AppData\Roaming\npm\node_modules\firebase-tools\node_modules\@inquirer\core\dist\commonjs\lib\create-prompt.js:101:37)
    at Interface.emit (node:events:508:28)
    at [_ttyWrite] [as _ttyWrite] (node:internal/readline/interface:1327:18)
    at ReadStream.onkeypress (node:internal/readline/interface:284:20)
    at ReadStream.emit (node:events:520:35)
    at emitKeys (node:internal/readline/utils:371:14)
    at emitKeys.next (<anonymous>)
    at ReadStream.onData (node:internal/readline/emitKeypressEvents:64:36)
    at ReadStream.emit (node:events:508:28)
    at addChunk (node:internal/streams/readable:559:12)
[error] 
[error] Error: An unexpected error has occurred.
